// Jest Snapshot v1, https://goo.gl/fbAQLP

exports[`screen sharing indicator should render correctly 1`] = `
<div
  className="ScreenSharingIndicator mac"
  onClick={[Function]}
>
  <span
    className="text-label"
  >
    You are sharing your screen on 
    <span
      className="text-label2"
    >
      Â 
      Symphony
    </span>
  </span>
  <span
    className="buttons"
  >
    <button
      className="stop-sharing-button"
      onClick={[Function]}
    >
      Stop sharing
    </button>
  </span>
</div>
`;
